🚀 Crackerjack Workflow Engine (ACB-Powered)
Building DI container (28 services across 7 levels)...

✓ DI container ready with WorkflowPipeline
Selected workflow: Test Execution Workflow
Orchestration: ⚡ enabled (acb mode) - async hooks with caching
⏳ Started: Fast quality checks

----------------------------------------------------------------------
🔍 Fast Hooks - Formatters, import sorting, and quick static analysis
----------------------------------------------------------------------



❌ Fast hooks attempt 1: 13/14 passed in 34.02s

Fast Hook Results:
  - mdformat :: FAILED | 24.25s | issues=0


♻️  Verification Retry 2/2


----------------------------------------------------------------------
🔍 Fast Hooks - Formatters, import sorting, and quick static analysis
----------------------------------------------------------------------



❌ Fast hooks attempt 2: 13/14 passed in 0.00s

Fast Hook Results:
  - mdformat :: FAILED | 24.25s | issues=0


⏳ Started: Test execution

----------------------------------------------------------------------
🧪 TESTS Running test suite
----------------------------------------------------------------------

❌ Test environment validation failed
ERROR: /Users/les/Projects/crackerjack/pyproject.toml: Cannot use both  (native 
TOML types) and  (string-based INI format) simultaneously. Please use  with 
native TOML types (recommended) or  for backwards compatibility.


Workflow failed: Test workflow execution failed
